// Jest Snapshot v1, https://goo.gl/fbAQLP

exports[`SearchRouter should emit a new event when the search succeds 1`] = `
Array [
  Array [
    "results",
    Object {
      "search": Object {
        "business": Array [
          Object {
            "name": "resturant 1",
          },
        ],
      },
    },
  ],
]
`;
